// Jest Snapshot v1, https://goo.gl/fbAQLP

exports[`[PopUp Component] Matches snapshot 1`] = `[Function]`;
