// Jest Snapshot v1, https://goo.gl/fbAQLP

exports[`[Grid Component] Matches snapshot 1`] = `[Function]`;
